// Jest Snapshot v1, https://goo.gl/fbAQLP

exports[`should return markdown 1`] = `
"[![](https://m131jyck4m.execute-api.us-west-2.amazonaws.com/prod/poll/MOCK_ID/1)](https://m131jyck4m.execute-api.us-west-2.amazonaws.com/prod/poll/MOCK_ID/1/vote)
[![](https://m131jyck4m.execute-api.us-west-2.amazonaws.com/prod/poll/MOCK_ID/2)](https://m131jyck4m.execute-api.us-west-2.amazonaws.com/prod/poll/MOCK_ID/2/vote)
[![](https://m131jyck4m.execute-api.us-west-2.amazonaws.com/prod/poll/MOCK_ID/3)](https://m131jyck4m.execute-api.us-west-2.amazonaws.com/prod/poll/MOCK_ID/3/vote)"
`;

exports[`should return markdown with only one option 1`] = `"[![](https://m131jyck4m.execute-api.us-west-2.amazonaws.com/prod/poll/MOCK_ID/1)](https://m131jyck4m.execute-api.us-west-2.amazonaws.com/prod/poll/MOCK_ID/1/vote)"`;
